##########################################
# (1) LINK INFORMATION                   #
##########################################
LN30 @.\led.cmd

# LINK FILE INFORMATION
NCRT0 (.\ncrt0.r30)
	Apr 17 18:53:12 2008

LED (.\led.r30)
	Apr 19 10:03:51 2008

AKI_LCD (.\aki_lcd.r30)
	Mar  9 12:02:41 2008

TEAMTAKAHAMA (.\teamtakahama.r30)
	Mar  9 12:02:41 2008

STRLEN (C:\MTOOL\LIB30\nc30lib.lib)
	Apr 14 14:53:31 2003

BZERO (C:\MTOOL\LIB30\nc30lib.lib)
	Apr 14 14:53:32 2003

BCOPY (C:\MTOOL\LIB30\nc30lib.lib)
	Apr 14 14:53:32 2003

_I4DIVU (C:\MTOOL\LIB30\nc30lib.lib)
	Apr 14 14:53:41 2003

_I4MULU (C:\MTOOL\LIB30\nc30lib.lib)
	Apr 14 14:53:41 2003


##########################################
# (2) SECTION INFORMATION                #
##########################################
# SECTION                        ATR TYPE    START  LENGTH ALIGN MODULENAME
data_SE                          ABS DATA    000400 000000       NCRT0
bss_SE                           REL DATA    000400 000000 2     NCRT0
data_SO                          REL DATA    000400 000000       NCRT0
bss_SO                           REL DATA    000400 000000       NCRT0
data_NE                          REL DATA    000400 000000 2     NCRT0
bss_NE                           REL DATA    000400 000000 2     NCRT0
data_NO                          REL DATA    000400 000000       NCRT0
bss_NO                           REL DATA    000400 000000       NCRT0
stack                            REL DATA    000400 000400       NCRT0
heap                             REL DATA    000800 000000       NCRT0
rom_NE                           REL ROMDATA 000800 000000 2     NCRT0
rom_NO                           REL ROMDATA 000800 000000       NCRT0
data_FE                          REL DATA    000800 000000       NCRT0
bss_FE                           REL DATA    000800 000000 2     NCRT0
data_FO                          REL DATA    000800 000000       NCRT0
bss_FO                           REL DATA    000800 000000       NCRT0
rom_FE                           ABS ROMDATA 0A0000 000000       NCRT0
rom_FO                           REL ROMDATA 0A0000 000000       NCRT0
                                 REL ROMDATA 0A0000 00004A       LED
data_SEI                         REL ROMDATA 0A004A 000000       NCRT0
data_SOI                         REL ROMDATA 0A004A 000000       NCRT0
data_NEI                         REL ROMDATA 0A004A 000000       NCRT0
data_NOI                         REL ROMDATA 0A004A 000000       NCRT0
data_FEI                         REL ROMDATA 0A004A 000000       NCRT0
data_FOI                         REL ROMDATA 0A004A 000000       NCRT0
program                          REL CODE    0A004A 000000       NCRT0
                                 REL CODE    0A004A 0003FB 2     LED
                                 REL CODE    0A0446 001089 2     AKI_LCD
                                 REL CODE    0A14D0 00022E 2     TEAMTAKAHAMA
                                 REL CODE    0A16FE 00002B 2     STRLEN
                                 REL CODE    0A172A 000028 2     BZERO
                                 REL CODE    0A1752 000035 2     BCOPY
                                 REL CODE    0A1788 00004D 2     _I4DIVU
                                 REL CODE    0A17D6 00001C 2     _I4MULU
interrupt                        REL CODE    0A17F2 000000       NCRT0
                                 REL CODE    0A17F2 000111       NCRT0
vector                           ABS ROMDATA 0FA000 000100       NCRT0
fvector                          ABS ROMDATA 0FFFDC 000024       NCRT0
# Total -------------------------------------------------------------------
                                     DATA           000400(0001024) Byte(s)
                                     ROMDATA        00016E(0000366) Byte(s)
                                     CODE           0018B9(0006329) Byte(s)

##########################################
# (3) GLOBAL LABEL INFORMATION           #
##########################################
$exit              0a1900  $lcddebug1         0a0600  $lcdtext           0a13a0
$lcdvar            0a0cec  $lcdwrite1comman   0a04d4  $lcdwrite1data     0a0520
$lcdwriteinit      0a04aa  $magmatch          0a166a  $pwm               0a1542
__i4divU           0a1788  __i4mulU           0a17d6  _bcopy             0a1752
_bzero             0a172a  _exit              0a1900  _init_ir           0a152a
_init_moter        0a14d0  _lcd_init          0a0446  _lcdbusycheck      0a059e
_lcdclear          0a13f2  _magget            0a1586  _main              0a004a
_strlen            0a16fe  _wait1             0a0574  _wait2             0a0582
_wait3             0a0590  start              0a17f2  

##########################################
# (4) GLOBAL EQU SYMBOL INFORMATION      #
##########################################
__SB__           00000400  

##########################################
# (5) GLOBAL EQU BIT-SYMBOL INFORMATION  #
##########################################

##########################################
# (6) LOCAL LABEL INFORMATION            #
##########################################
@ NCRT0 ( .\ncrt0.r30 )
@ LED ( .\led.r30 )
@ AKI_LCD ( .\aki_lcd.r30 )
@ TEAMTAKAHAMA ( .\teamtakahama.r30 )
@ STRLEN ( C:\MTOOL\LIB30\nc30lib.lib )
@ BZERO ( C:\MTOOL\LIB30\nc30lib.lib )
@ BCOPY ( C:\MTOOL\LIB30\nc30lib.lib )
@ _I4DIVU ( C:\MTOOL\LIB30\nc30lib.lib )
@ _I4MULU ( C:\MTOOL\LIB30\nc30lib.lib )

##########################################
# (7) LOCAL EQU SYMBOL INFORMATION       #
##########################################
@ NCRT0 ( .\ncrt0.r30 )
@ LED ( .\led.r30 )
@ AKI_LCD ( .\aki_lcd.r30 )
@ TEAMTAKAHAMA ( .\teamtakahama.r30 )
@ STRLEN ( C:\MTOOL\LIB30\nc30lib.lib )
@ BZERO ( C:\MTOOL\LIB30\nc30lib.lib )
@ BCOPY ( C:\MTOOL\LIB30\nc30lib.lib )
@ _I4DIVU ( C:\MTOOL\LIB30\nc30lib.lib )
@ _I4MULU ( C:\MTOOL\LIB30\nc30lib.lib )

##########################################
# (8) LOCAL EQU BIT-SYMBOL INFORMATION   #
##########################################
@ NCRT0 ( .\ncrt0.r30 )
@ LED ( .\led.r30 )
@ AKI_LCD ( .\aki_lcd.r30 )
@ TEAMTAKAHAMA ( .\teamtakahama.r30 )
@ STRLEN ( C:\MTOOL\LIB30\nc30lib.lib )
@ BZERO ( C:\MTOOL\LIB30\nc30lib.lib )
@ BCOPY ( C:\MTOOL\LIB30\nc30lib.lib )
@ _I4DIVU ( C:\MTOOL\LIB30\nc30lib.lib )
@ _I4MULU ( C:\MTOOL\LIB30\nc30lib.lib )

