##########################################
# (1) LINK INFORMATION                   #
##########################################
LN30 @.\led.cmd

# LINK FILE INFORMATION
NCRT0 (.\ncrt0.r30)
	Apr 27 14:04:20 2008

LED (.\led.r30)
	Apr 27 14:49:28 2008

AKI_LCD (.\aki_lcd.r30)
	Apr 27 14:04:21 2008

TEAMTAKAHAMA (.\teamtakahama.r30)
	Apr 27 14:04:21 2008

STRLEN (C:\MTOOL\LIB30\nc30lib.lib)
	Apr 14 14:53:31 2003

BZERO (C:\MTOOL\LIB30\nc30lib.lib)
	Apr 14 14:53:32 2003

BCOPY (C:\MTOOL\LIB30\nc30lib.lib)
	Apr 14 14:53:32 2003

_I4DIVU (C:\MTOOL\LIB30\nc30lib.lib)
	Apr 14 14:53:41 2003

_I4MULU (C:\MTOOL\LIB30\nc30lib.lib)
	Apr 14 14:53:41 2003


##########################################
# (2) SECTION INFORMATION                #
##########################################
# SECTION                        ATR TYPE    START  LENGTH ALIGN MODULENAME
data_SE                          ABS DATA    000400 000000       NCRT0
bss_SE                           REL DATA    000400 000000 2     NCRT0
data_SO                          REL DATA    000400 000000       NCRT0
bss_SO                           REL DATA    000400 000000       NCRT0
data_NE                          REL DATA    000400 000000 2     NCRT0
bss_NE                           REL DATA    000400 000000 2     NCRT0
data_NO                          REL DATA    000400 000000       NCRT0
bss_NO                           REL DATA    000400 000000       NCRT0
stack                            REL DATA    000400 000400       NCRT0
heap                             REL DATA    000800 000000       NCRT0
rom_NE                           REL ROMDATA 000800 000000 2     NCRT0
rom_NO                           REL ROMDATA 000800 000000       NCRT0
data_FE                          REL DATA    000800 000000       NCRT0
bss_FE                           REL DATA    000800 000000 2     NCRT0
data_FO                          REL DATA    000800 000000       NCRT0
bss_FO                           REL DATA    000800 000000       NCRT0
rom_FE                           ABS ROMDATA 0A0000 000000       NCRT0
rom_FO                           REL ROMDATA 0A0000 000000       NCRT0
                                 REL ROMDATA 0A0000 000211       LED
data_SEI                         REL ROMDATA 0A0211 000000       NCRT0
data_SOI                         REL ROMDATA 0A0211 000000       NCRT0
data_NEI                         REL ROMDATA 0A0211 000000       NCRT0
data_NOI                         REL ROMDATA 0A0211 000000       NCRT0
data_FEI                         REL ROMDATA 0A0211 000000       NCRT0
data_FOI                         REL ROMDATA 0A0211 000000       NCRT0
program                          REL CODE    0A0211 000000       NCRT0
                                 REL CODE    0A0212 00245B 2     LED
                                 REL CODE    0A266E 001089 2     AKI_LCD
                                 REL CODE    0A36F8 000247 2     TEAMTAKAHAMA
                                 REL CODE    0A3940 00002B 2     STRLEN
                                 REL CODE    0A396C 000028 2     BZERO
                                 REL CODE    0A3994 000035 2     BCOPY
                                 REL CODE    0A39CA 00004D 2     _I4DIVU
                                 REL CODE    0A3A18 00001C 2     _I4MULU
interrupt                        REL CODE    0A3A34 000000       NCRT0
                                 REL CODE    0A3A34 000111       NCRT0
vector                           ABS ROMDATA 0FA000 000100       NCRT0
fvector                          ABS ROMDATA 0FFFDC 000024       NCRT0
# Total -------------------------------------------------------------------
                                     DATA           000400(0001024) Byte(s)
                                     ROMDATA        000335(0000821) Byte(s)
                                     CODE           003934(0014644) Byte(s)

##########################################
# (3) GLOBAL LABEL INFORMATION           #
##########################################
$exit              0a3b42  $hpwm              0a37ae  $lcddebug1         0a2828
$lcdtext           0a35c8  $lcdvar            0a2f14  $lcdwrite1comman   0a26fc
$lcdwrite1data     0a2748  $lcdwriteinit      0a26d2  $magmatch          0a38ac
$pwm               0a376a  __i4divU           0a39ca  __i4mulU           0a3a18
_bcopy             0a3994  _bzero             0a396c  _exit              0a3b42
_init_ir           0a3752  _init_moter        0a36f8  _lcd_init          0a266e
_lcdbusycheck      0a27c6  _lcdclear          0a361a  _magget            0a37c8
_main              0a0212  _strlen            0a3940  _wait1             0a279c
_wait2             0a27aa  _wait3             0a27b8  start              0a3a34

##########################################
# (4) GLOBAL EQU SYMBOL INFORMATION      #
##########################################
__SB__           00000400  

##########################################
# (5) GLOBAL EQU BIT-SYMBOL INFORMATION  #
##########################################

##########################################
# (6) LOCAL LABEL INFORMATION            #
##########################################
@ NCRT0 ( .\ncrt0.r30 )
@ LED ( .\led.r30 )
@ AKI_LCD ( .\aki_lcd.r30 )
@ TEAMTAKAHAMA ( .\teamtakahama.r30 )
@ STRLEN ( C:\MTOOL\LIB30\nc30lib.lib )
@ BZERO ( C:\MTOOL\LIB30\nc30lib.lib )
@ BCOPY ( C:\MTOOL\LIB30\nc30lib.lib )
@ _I4DIVU ( C:\MTOOL\LIB30\nc30lib.lib )
@ _I4MULU ( C:\MTOOL\LIB30\nc30lib.lib )

##########################################
# (7) LOCAL EQU SYMBOL INFORMATION       #
##########################################
@ NCRT0 ( .\ncrt0.r30 )
@ LED ( .\led.r30 )
@ AKI_LCD ( .\aki_lcd.r30 )
@ TEAMTAKAHAMA ( .\teamtakahama.r30 )
@ STRLEN ( C:\MTOOL\LIB30\nc30lib.lib )
@ BZERO ( C:\MTOOL\LIB30\nc30lib.lib )
@ BCOPY ( C:\MTOOL\LIB30\nc30lib.lib )
@ _I4DIVU ( C:\MTOOL\LIB30\nc30lib.lib )
@ _I4MULU ( C:\MTOOL\LIB30\nc30lib.lib )

##########################################
# (8) LOCAL EQU BIT-SYMBOL INFORMATION   #
##########################################
@ NCRT0 ( .\ncrt0.r30 )
@ LED ( .\led.r30 )
@ AKI_LCD ( .\aki_lcd.r30 )
@ TEAMTAKAHAMA ( .\teamtakahama.r30 )
@ STRLEN ( C:\MTOOL\LIB30\nc30lib.lib )
@ BZERO ( C:\MTOOL\LIB30\nc30lib.lib )
@ BCOPY ( C:\MTOOL\LIB30\nc30lib.lib )
@ _I4DIVU ( C:\MTOOL\LIB30\nc30lib.lib )
@ _I4MULU ( C:\MTOOL\LIB30\nc30lib.lib )

