##########################################
# (1) LINK INFORMATION                   #
##########################################
LN30 @.\led.cmd

# LINK FILE INFORMATION
NCRT0 (.\ncrt0.r30)
	Apr 23 18:51:02 2008

LED (.\led.r30)
	Apr 25 14:54:44 2008

AKI_LCD (.\aki_lcd.r30)
	Apr 23 18:52:21 2008

TEAMTAKAHAMA (.\teamtakahama.r30)
	Apr 23 18:52:21 2008

STRLEN (C:\MTOOL\LIB30\nc30lib.lib)
	Apr 14 14:53:31 2003

BZERO (C:\MTOOL\LIB30\nc30lib.lib)
	Apr 14 14:53:32 2003

BCOPY (C:\MTOOL\LIB30\nc30lib.lib)
	Apr 14 14:53:32 2003

_I4DIVU (C:\MTOOL\LIB30\nc30lib.lib)
	Apr 14 14:53:41 2003

_I4MULU (C:\MTOOL\LIB30\nc30lib.lib)
	Apr 14 14:53:41 2003


##########################################
# (2) SECTION INFORMATION                #
##########################################
# SECTION                        ATR TYPE    START  LENGTH ALIGN MODULENAME
data_SE                          ABS DATA    000400 000000       NCRT0
bss_SE                           REL DATA    000400 000000 2     NCRT0
data_SO                          REL DATA    000400 000000       NCRT0
bss_SO                           REL DATA    000400 000000       NCRT0
data_NE                          REL DATA    000400 000000 2     NCRT0
bss_NE                           REL DATA    000400 000000 2     NCRT0
data_NO                          REL DATA    000400 000000       NCRT0
bss_NO                           REL DATA    000400 000000       NCRT0
stack                            REL DATA    000400 000400       NCRT0
heap                             REL DATA    000800 000000       NCRT0
rom_NE                           REL ROMDATA 000800 000000 2     NCRT0
rom_NO                           REL ROMDATA 000800 000000       NCRT0
data_FE                          REL DATA    000800 000000       NCRT0
bss_FE                           REL DATA    000800 000000 2     NCRT0
data_FO                          REL DATA    000800 000000       NCRT0
bss_FO                           REL DATA    000800 000000       NCRT0
rom_FE                           ABS ROMDATA 0A0000 000000       NCRT0
rom_FO                           REL ROMDATA 0A0000 000000       NCRT0
                                 REL ROMDATA 0A0000 00020C       LED
data_SEI                         REL ROMDATA 0A020C 000000       NCRT0
data_SOI                         REL ROMDATA 0A020C 000000       NCRT0
data_NEI                         REL ROMDATA 0A020C 000000       NCRT0
data_NOI                         REL ROMDATA 0A020C 000000       NCRT0
data_FEI                         REL ROMDATA 0A020C 000000       NCRT0
data_FOI                         REL ROMDATA 0A020C 000000       NCRT0
program                          REL CODE    0A020C 000000       NCRT0
                                 REL CODE    0A020C 00191A 2     LED
                                 REL CODE    0A1B26 001089 2     AKI_LCD
                                 REL CODE    0A2BB0 000253 2     TEAMTAKAHAMA
                                 REL CODE    0A2E04 00002B 2     STRLEN
                                 REL CODE    0A2E30 000028 2     BZERO
                                 REL CODE    0A2E58 000035 2     BCOPY
                                 REL CODE    0A2E8E 00004D 2     _I4DIVU
                                 REL CODE    0A2EDC 00001C 2     _I4MULU
interrupt                        REL CODE    0A2EF8 000000       NCRT0
                                 REL CODE    0A2EF8 000111       NCRT0
vector                           ABS ROMDATA 0FA000 000100       NCRT0
fvector                          ABS ROMDATA 0FFFDC 000024       NCRT0
# Total -------------------------------------------------------------------
                                     DATA           000400(0001024) Byte(s)
                                     ROMDATA        000330(0000816) Byte(s)
                                     CODE           002DFD(0011773) Byte(s)

##########################################
# (3) GLOBAL LABEL INFORMATION           #
##########################################
$exit              0a3006  $hpwm              0a2c66  $lcddebug1         0a1ce0
$lcdtext           0a2a80  $lcdvar            0a23cc  $lcdwrite1comman   0a1bb4
$lcdwrite1data     0a1c00  $lcdwriteinit      0a1b8a  $magmatch          0a2d64
$pwm               0a2c22  __i4divU           0a2e8e  __i4mulU           0a2edc
_bcopy             0a2e58  _bzero             0a2e30  _exit              0a3006
_init_ir           0a2c0a  _init_moter        0a2bb0  _lcd_init          0a1b26
_lcdbusycheck      0a1c7e  _lcdclear          0a2ad2  _magget            0a2c80
_main              0a020c  _strlen            0a2e04  _wait1             0a1c54
_wait2             0a1c62  _wait3             0a1c70  start              0a2ef8

##########################################
# (4) GLOBAL EQU SYMBOL INFORMATION      #
##########################################
__SB__           00000400  

##########################################
# (5) GLOBAL EQU BIT-SYMBOL INFORMATION  #
##########################################

##########################################
# (6) LOCAL LABEL INFORMATION            #
##########################################
@ NCRT0 ( .\ncrt0.r30 )
@ LED ( .\led.r30 )
@ AKI_LCD ( .\aki_lcd.r30 )
@ TEAMTAKAHAMA ( .\teamtakahama.r30 )
@ STRLEN ( C:\MTOOL\LIB30\nc30lib.lib )
@ BZERO ( C:\MTOOL\LIB30\nc30lib.lib )
@ BCOPY ( C:\MTOOL\LIB30\nc30lib.lib )
@ _I4DIVU ( C:\MTOOL\LIB30\nc30lib.lib )
@ _I4MULU ( C:\MTOOL\LIB30\nc30lib.lib )

##########################################
# (7) LOCAL EQU SYMBOL INFORMATION       #
##########################################
@ NCRT0 ( .\ncrt0.r30 )
@ LED ( .\led.r30 )
@ AKI_LCD ( .\aki_lcd.r30 )
@ TEAMTAKAHAMA ( .\teamtakahama.r30 )
@ STRLEN ( C:\MTOOL\LIB30\nc30lib.lib )
@ BZERO ( C:\MTOOL\LIB30\nc30lib.lib )
@ BCOPY ( C:\MTOOL\LIB30\nc30lib.lib )
@ _I4DIVU ( C:\MTOOL\LIB30\nc30lib.lib )
@ _I4MULU ( C:\MTOOL\LIB30\nc30lib.lib )

##########################################
# (8) LOCAL EQU BIT-SYMBOL INFORMATION   #
##########################################
@ NCRT0 ( .\ncrt0.r30 )
@ LED ( .\led.r30 )
@ AKI_LCD ( .\aki_lcd.r30 )
@ TEAMTAKAHAMA ( .\teamtakahama.r30 )
@ STRLEN ( C:\MTOOL\LIB30\nc30lib.lib )
@ BZERO ( C:\MTOOL\LIB30\nc30lib.lib )
@ BCOPY ( C:\MTOOL\LIB30\nc30lib.lib )
@ _I4DIVU ( C:\MTOOL\LIB30\nc30lib.lib )
@ _I4MULU ( C:\MTOOL\LIB30\nc30lib.lib )

